RUNTIME ERROR: foobar
	error.inside_equals_array.jsonnet:18:18-32	thunk <array_element>
	std.jsonnet:1049:41-45	thunk <b>
	std.jsonnet:1049:33-45	function <anonymous>
	std.jsonnet:1049:33-45	function <aux>
	std.jsonnet:1052:29-45	function <anonymous>
	std.jsonnet:1053:21-33	
