RUNTIME ERROR: foo was not equal to bar
	error.obj_assert.fail2.jsonnet:20:32-65	thunk <object_assert>
	std.jsonnet:1063:54-58	thunk <a>
	std.jsonnet:1063:54-66	function <anonymous>
	std.jsonnet:1063:54-66	function <anonymous>
	std.jsonnet:1067:21-33	
