RUNTIME ERROR: expected string but arr[1] was array 
	std.jsonnet:222:17-95	function <aux>
	std.jsonnet:224:17-57	function <aux>
	std.jsonnet:230:13-34	function <anonymous>
	error.std_join_types1.jsonnet:17:1-26	
